// Jest Snapshot v1, https://goo.gl/fbAQLP

exports[`Filter Component Testing Should Render Correctly in Debug Mode 1`] = `ShallowWrapper {}`;
